// Jest Snapshot v1, https://goo.gl/fbAQLP

exports[`ProductTile debe de mostar el componente con el nombre del producto 1`] = `
<div
  className="productCard undefined"
>
  <span
    className="productDescription undefined"
  >
    Coffee Mug - Sin imagen
  </span>
</div>
`;

exports[`ProductTile debe mostrar el componente correctamente con el titulo personalizado 1`] = `
<span
  className="productDescription custom-class"
>
  Custom Product 1
</span>
`;
